// Jest Snapshot v1, https://goo.gl/fbAQLP

exports[`callback "req" argument has all goodies: 1 - history_entries 1`] = `
Array [
  Object {
    "basename": "",
    "hash": "",
    "key": "345678",
    "pathname": "/first",
    "search": "",
    "state": Object {},
    "url": "/first",
  },
  Object {
    "basename": "",
    "hash": "",
    "key": "345678",
    "pathname": "/second",
    "search": "",
    "state": Object {},
    "url": "/second",
  },
]
`;

exports[`callback "req" argument has all goodies: 1 - history_index 1`] = `1`;

exports[`callback "req" argument has all goodies: 1 - response 1`] = `
Object {
  "basename": "",
  "hash": "",
  "location": Object {
    "direction": "forward",
    "entries": Array [
      Object {
        "basename": "",
        "hash": "",
        "key": "345678",
        "pathname": "/first",
        "search": "",
        "state": Object {},
        "url": "/first",
      },
      Object {
        "basename": "",
        "hash": "",
        "key": "345678",
        "pathname": "/second",
        "search": "",
        "state": Object {},
        "url": "/second",
      },
    ],
    "from": null,
    "index": 1,
    "kind": "push",
    "length": 2,
    "pathname": "/second",
    "prev": Object {
      "basename": "",
      "direction": "forward",
      "entries": Array [
        Object {
          "basename": "",
          "hash": "",
          "key": "345678",
          "pathname": "/first",
          "search": "",
          "state": Object {},
          "url": "/first",
        },
      ],
      "hash": "",
      "index": 0,
      "kind": "load",
      "length": 1,
      "params": Object {},
      "pathname": "/first",
      "query": Object {},
      "scene": "",
      "search": "",
      "state": Object {},
      "status": 200,
      "type": "FIRST",
      "url": "/first",
    },
    "scene": "",
    "search": "",
    "status": 200,
    "url": "/second",
  },
  "params": Object {},
  "query": Object {},
  "state": Object {},
  "type": "SECOND",
}
`;

exports[`callback "req" argument has all goodies: 1 - routes - NEVER_USED_PATHLESS - thunk 1`] = `0`;

exports[`callback "req" argument has all goodies: 1 - routes - REDIRECTED - onComplete 1`] = `0`;

exports[`callback "req" argument has all goodies: 1 - routes - SECOND - beforeEnter 1`] = `1`;

exports[`callback "req" argument has all goodies: 1 - routes - SECOND - thunk 1`] = `1`;

exports[`callback "req" argument has all goodies: 1 - state 1`] = `
Object {
  "location": Object {
    "basename": "",
    "direction": "forward",
    "entries": Array [
      Object {
        "basename": "",
        "hash": "",
        "key": "345678",
        "pathname": "/first",
        "search": "",
        "state": Object {},
        "url": "/first",
      },
      Object {
        "basename": "",
        "hash": "",
        "key": "345678",
        "pathname": "/second",
        "search": "",
        "state": Object {},
        "url": "/second",
      },
    ],
    "from": null,
    "hash": "",
    "index": 1,
    "kind": "push",
    "length": 2,
    "params": Object {},
    "pathname": "/second",
    "prev": Object {
      "basename": "",
      "direction": "forward",
      "entries": Array [
        Object {
          "basename": "",
          "hash": "",
          "key": "345678",
          "pathname": "/first",
          "search": "",
          "state": Object {},
          "url": "/first",
        },
      ],
      "hash": "",
      "index": 0,
      "kind": "load",
      "length": 1,
      "params": Object {},
      "pathname": "/first",
      "query": Object {},
      "scene": "",
      "search": "",
      "state": Object {},
      "status": 200,
      "type": "FIRST",
      "url": "/first",
    },
    "query": Object {},
    "scene": "",
    "search": "",
    "state": Object {},
    "status": 200,
    "type": "SECOND",
    "universal": false,
    "url": "/second",
  },
  "title": "SECOND",
}
`;

exports[`callback "req" argument has all goodies: 1 - title 1`] = `"SECOND"`;
